Archive member included to satisfy reference by file (symbol)

/usr/share/MRS2/MRS-linux-x64/resources/app/resources/linux/components/WCH/Toolchain/RISC-V Embedded GCC12/bin/../lib/gcc/riscv-wch-elf/12.2.0/../../../../riscv-wch-elf/lib/rv32ec_xw/ilp32e/libprintf.a(wchprintf.o)
                              ./User/System/ThrustManager.o (sprintf)
/usr/share/MRS2/MRS-linux-x64/resources/app/resources/linux/components/WCH/Toolchain/RISC-V Embedded GCC12/bin/../lib/gcc/riscv-wch-elf/12.2.0/rv32ec_xw/ilp32e/libgcc.a(_divdi3.o)
                              ./User/System/ThrustManager.o (__divdi3)
/usr/share/MRS2/MRS-linux-x64/resources/app/resources/linux/components/WCH/Toolchain/RISC-V Embedded GCC12/bin/../lib/gcc/riscv-wch-elf/12.2.0/rv32ec_xw/ilp32e/libgcc.a(_udivdi3.o)
                              ./User/System/ThrustManager.o (__udivdi3)
/usr/share/MRS2/MRS-linux-x64/resources/app/resources/linux/components/WCH/Toolchain/RISC-V Embedded GCC12/bin/../lib/gcc/riscv-wch-elf/12.2.0/rv32ec_xw/ilp32e/libgcc.a(save-restore.o)
                              ./User/System/Sound.o (__riscv_save_2)
/usr/share/MRS2/MRS-linux-x64/resources/app/resources/linux/components/WCH/Toolchain/RISC-V Embedded GCC12/bin/../lib/gcc/riscv-wch-elf/12.2.0/rv32ec_xw/ilp32e/libgcc.a(muldi3.o)
                              ./User/System/ThrustManager.o (__mulsi3)
/usr/share/MRS2/MRS-linux-x64/resources/app/resources/linux/components/WCH/Toolchain/RISC-V Embedded GCC12/bin/../lib/gcc/riscv-wch-elf/12.2.0/rv32ec_xw/ilp32e/libgcc.a(multi3.o)
                              ./User/System/ThrustManager.o (__muldi3)
/usr/share/MRS2/MRS-linux-x64/resources/app/resources/linux/components/WCH/Toolchain/RISC-V Embedded GCC12/bin/../lib/gcc/riscv-wch-elf/12.2.0/rv32ec_xw/ilp32e/libgcc.a(div.o)
                              ./User/System/ThrustManager.o (__divsi3)
/usr/share/MRS2/MRS-linux-x64/resources/app/resources/linux/components/WCH/Toolchain/RISC-V Embedded GCC12/bin/../lib/gcc/riscv-wch-elf/12.2.0/rv32ec_xw/ilp32e/libgcc.a(_clz.o)
                              /usr/share/MRS2/MRS-linux-x64/resources/app/resources/linux/components/WCH/Toolchain/RISC-V Embedded GCC12/bin/../lib/gcc/riscv-wch-elf/12.2.0/rv32ec_xw/ilp32e/libgcc.a(_divdi3.o) (__clz_tab)
/usr/share/MRS2/MRS-linux-x64/resources/app/resources/linux/components/WCH/Toolchain/RISC-V Embedded GCC12/bin/../lib/gcc/riscv-wch-elf/12.2.0/../../../../riscv-wch-elf/lib/rv32ec_xw/ilp32e/libg_nano.a(lib_a-memcpy-asm.o)
                              ./User/Hal/Comunication.o (memcpy)
/usr/share/MRS2/MRS-linux-x64/resources/app/resources/linux/components/WCH/Toolchain/RISC-V Embedded GCC12/bin/../lib/gcc/riscv-wch-elf/12.2.0/../../../../riscv-wch-elf/lib/rv32ec_xw/ilp32e/libg_nano.a(lib_a-memset.o)
                              ./User/Hal/ADC.o (memset)
/usr/share/MRS2/MRS-linux-x64/resources/app/resources/linux/components/WCH/Toolchain/RISC-V Embedded GCC12/bin/../lib/gcc/riscv-wch-elf/12.2.0/../../../../riscv-wch-elf/lib/rv32ec_xw/ilp32e/libg_nano.a(lib_a-strlen.o)
                              ./User/Hal/Comunication.o (strlen)
/usr/share/MRS2/MRS-linux-x64/resources/app/resources/linux/components/WCH/Toolchain/RISC-V Embedded GCC12/bin/../lib/gcc/riscv-wch-elf/12.2.0/../../../../riscv-wch-elf/lib/rv32ec_xw/ilp32e/libg_nano.a(lib_a-strncpy.o)
                              ./User/Hal/Comunication.o (strncpy)

Discarded input sections

 .text          0x0000000000000000        0x0 ./User/System/Sound.o
 .data          0x0000000000000000        0x0 ./User/System/Sound.o
 .bss           0x0000000000000000        0x0 ./User/System/Sound.o
 .bss.off_tick  0x0000000000000000        0x4 ./User/System/Sound.o
 .text          0x0000000000000000        0x0 ./User/System/SysError.o
 .data          0x0000000000000000        0x0 ./User/System/SysError.o
 .bss           0x0000000000000000        0x0 ./User/System/SysError.o
 .text          0x0000000000000000        0x0 ./User/System/SysTick.o
 .data          0x0000000000000000        0x0 ./User/System/SysTick.o
 .bss           0x0000000000000000        0x0 ./User/System/SysTick.o
 .text.SysTick_Init_HCLK
                0x0000000000000000       0x92 ./User/System/SysTick.o
 .text.Timer__MsSet
                0x0000000000000000       0x2c ./User/System/SysTick.o
 .text.Timer__MsExpire
                0x0000000000000000       0x1c ./User/System/SysTick.o
 .text.Timer__MsGetStatus
                0x0000000000000000       0x10 ./User/System/SysTick.o
 .text.SysTick_GetCurrentValue
                0x0000000000000000        0x8 ./User/System/SysTick.o
 .text          0x0000000000000000        0x0 ./User/System/ThrustManager.o
 .data          0x0000000000000000        0x0 ./User/System/ThrustManager.o
 .bss           0x0000000000000000        0x0 ./User/System/ThrustManager.o
 .bss.RxBuffer1_Index
                0x0000000000000000        0x4 ./User/System/ThrustManager.o
 .bss.Rxbuffer  0x0000000000000000       0x40 ./User/System/ThrustManager.o
[...]
Memory Configuration

Name             Origin             Length             Attributes
FLASH            0x0000000000000000 0x0000000000004000 xr
RAM              0x0000000020000000 0x0000000000000800 xrw
*default*        0x0000000000000000 0xffffffffffffffff

Linker script and memory map

LOAD ./User/System/Sound.o
LOAD ./User/System/SysError.o
LOAD ./User/System/SysTick.o
LOAD ./User/System/ThrustManager.o
LOAD ./User/Hal/ADC.o
LOAD ./User/Hal/Comunication.o
LOAD ./User/Hal/Hal.o
LOAD ./User/Hal/PPM.o
LOAD ./User/Hal/PWM.o
LOAD ./User/Appl/Appl.o
LOAD ./User/Appl/main.o
LOAD ./User/ch32v00x_it.o
LOAD ./User/system_ch32v00x.o
LOAD ./Startup/startup_ch32v00x.o
LOAD ./Peripheral/src/ch32v00x_adc.o
LOAD ./Peripheral/src/ch32v00x_dbgmcu.o
LOAD ./Peripheral/src/ch32v00x_dma.o
LOAD ./Peripheral/src/ch32v00x_exti.o
LOAD ./Peripheral/src/ch32v00x_flash.o
LOAD ./Peripheral/src/ch32v00x_gpio.o
LOAD ./Peripheral/src/ch32v00x_i2c.o
LOAD ./Peripheral/src/ch32v00x_iwdg.o
LOAD ./Peripheral/src/ch32v00x_misc.o
LOAD ./Peripheral/src/ch32v00x_opa.o
LOAD ./Peripheral/src/ch32v00x_pwr.o
LOAD ./Peripheral/src/ch32v00x_rcc.o
LOAD ./Peripheral/src/ch32v00x_spi.o
LOAD ./Peripheral/src/ch32v00x_tim.o
LOAD ./Peripheral/src/ch32v00x_usart.o
LOAD ./Peripheral/src/ch32v00x_wwdg.o
LOAD ./Debug/debug.o
LOAD ./Core/core_riscv.o
LOAD /usr/share/MRS2/MRS-linux-x64/resources/app/resources/linux/components/WCH/Toolchain/RISC-V Embedded GCC12/bin/../lib/gcc/riscv-wch-elf/12.2.0/../../../../riscv-wch-elf/lib/rv32ec_xw/ilp32e/libprintf.a
LOAD /usr/share/MRS2/MRS-linux-x64/resources/app/resources/linux/components/WCH/Toolchain/RISC-V Embedded GCC12/bin/../lib/gcc/riscv-wch-elf/12.2.0/rv32ec_xw/ilp32e/libgcc.a
LOAD /usr/share/MRS2/MRS-linux-x64/resources/app/resources/linux/components/WCH/Toolchain/RISC-V Embedded GCC12/bin/../lib/gcc/riscv-wch-elf/12.2.0/../../../../riscv-wch-elf/lib/rv32ec_xw/ilp32e/libg_nano.a
LOAD /usr/share/MRS2/MRS-linux-x64/resources/app/resources/linux/components/WCH/Toolchain/RISC-V Embedded GCC12/bin/../lib/gcc/riscv-wch-elf/12.2.0/../../../../riscv-wch-elf/lib/rv32ec_xw/ilp32e/libc_nano.a
LOAD /usr/share/MRS2/MRS-linux-x64/resources/app/resources/linux/components/WCH/Toolchain/RISC-V Embedded GCC12/bin/../lib/gcc/riscv-wch-elf/12.2.0/rv32ec_xw/ilp32e/libgcc.a
START GROUP
LOAD /usr/share/MRS2/MRS-linux-x64/resources/app/resources/linux/components/WCH/Toolchain/RISC-V Embedded GCC12/bin/../lib/gcc/riscv-wch-elf/12.2.0/rv32ec_xw/ilp32e/libgcc.a
LOAD /usr/share/MRS2/MRS-linux-x64/resources/app/resources/linux/components/WCH/Toolchain/RISC-V Embedded GCC12/bin/../lib/gcc/riscv-wch-elf/12.2.0/../../../../riscv-wch-elf/lib/rv32ec_xw/ilp32e/libc_nano.a
LOAD /usr/share/MRS2/MRS-linux-x64/resources/app/resources/linux/components/WCH/Toolchain/RISC-V Embedded GCC12/bin/../lib/gcc/riscv-wch-elf/12.2.0/../../../../riscv-wch-elf/lib/rv32ec_xw/ilp32e/libnosys.a
END GROUP
START GROUP
LOAD /usr/share/MRS2/MRS-linux-x64/resources/app/resources/linux/components/WCH/Toolchain/RISC-V Embedded GCC12/bin/../lib/gcc/riscv-wch-elf/12.2.0/rv32ec_xw/ilp32e/libgcc.a
LOAD /usr/share/MRS2/MRS-linux-x64/resources/app/resources/linux/components/WCH/Toolchain/RISC-V Embedded GCC12/bin/../lib/gcc/riscv-wch-elf/12.2.0/../../../../riscv-wch-elf/lib/rv32ec_xw/ilp32e/libc_nano.a
LOAD /usr/share/MRS2/MRS-linux-x64/resources/app/resources/linux/components/WCH/Toolchain/RISC-V Embedded GCC12/bin/../lib/gcc/riscv-wch-elf/12.2.0/../../../../riscv-wch-elf/lib/rv32ec_xw/ilp32e/libnosys.a
END GROUP
                0x0000000000000100                __stack_size = 0x100
                [!provide]                        PROVIDE (_stack_size = __stack_size)

.init           0x0000000000000000       0xa0
                0x0000000000000000                _sinit = .
                0x0000000000000000                . = ALIGN (0x4)
 *(SORT_NONE(.init))
 .init          0x0000000000000000       0x9e ./Startup/startup_ch32v00x.o
                0x0000000000000000                _start
                0x00000000000000a0                . = ALIGN (0x4)
 *fill*         0x000000000000009e        0x2 
                0x00000000000000a0                _einit = .

.highcodelalign
                0x00000000000000a0        0x0
                0x00000000000000a0                . = ALIGN (0x4)
                0x00000000000000a0                PROVIDE (_highcode_lma = .)

.highcode       0x0000000020000000        0x0 load address 0x00000000000000a0
                0x0000000020000000                . = ALIGN (0x4)
                0x0000000020000000                PROVIDE (_highcode_vma_start = .)
 *(.highcode)
 *(.highcode.*)
                0x0000000020000000                . = ALIGN (0x4)
                0x0000000020000000                PROVIDE (_highcode_vma_end = .)

.text           0x00000000000000a0     0x2a04
                0x00000000000000a0                . = ALIGN (0x4)
 *(.text)
 .text          0x00000000000000a0       0x14 /usr/share/MRS2/MRS-linux-x64/resources/app/resources/linux/components/WCH/Toolchain/RISC-V Embedded GCC12/bin/../lib/gcc/riscv-wch-elf/12.2.0/rv32ec_xw/ilp32e/libgcc.a(save-restore.o)
                0x00000000000000a0                __riscv_save_1
                0x00000000000000a0                __riscv_save_2
                0x00000000000000a0                __riscv_save_0
                0x00000000000000aa                __riscv_restore_2
                0x00000000000000aa                __riscv_restore_0
                0x00000000000000aa                __riscv_restore_1
 .text          0x00000000000000b4       0x16 /usr/share/MRS2/MRS-linux-x64/resources/app/resources/linux/components/WCH/Toolchain/RISC-V Embedded GCC12/bin/../lib/gcc/riscv-wch-elf/12.2.0/rv32ec_xw/ilp32e/libgcc.a(muldi3.o)
                0x00000000000000b4                __mulsi3
 *fill*         0x00000000000000ca        0x2 
 .text          0x00000000000000cc       0x7e /usr/share/MRS2/MRS-linux-x64/resources/app/resources/linux/components/WCH/Toolchain/RISC-V Embedded GCC12/bin/../lib/gcc/riscv-wch-elf/12.2.0/rv32ec_xw/ilp32e/libgcc.a(div.o)
                0x00000000000000cc                __divsi3
                0x00000000000000d4                __hidden___udivsi3
                0x00000000000000d4                __udivsi3
                0x0000000000000100                __umodsi3
                0x0000000000000124                __modsi3
 .text          0x000000000000014a       0x16 /usr/share/MRS2/MRS-linux-x64/resources/app/resources/linux/components/WCH/Toolchain/RISC-V Embedded GCC12/bin/../lib/gcc/riscv-wch-elf/12.2.0/../../../../riscv-wch-elf/lib/rv32ec_xw/ilp32e/libg_nano.a(lib_a-memcpy-asm.o)
                0x000000000000014a                memcpy
 .text          0x0000000000000160       0x10 /usr/share/MRS2/MRS-linux-x64/resources/app/resources/linux/components/WCH/Toolchain/RISC-V Embedded GCC12/bin/../lib/gcc/riscv-wch-elf/12.2.0/../../../../riscv-wch-elf/lib/rv32ec_xw/ilp32e/libg_nano.a(lib_a-memset.o)
                0x0000000000000160                memset
 *(.text.*)
 .text.Sounds__Initialize
                0x0000000000000170        0xc ./User/System/Sound.o
                0x0000000000000170                Sounds__Initialize
 .text.Sounds__PlaySounds
                0x000000000000017c       0x18 ./User/System/Sound.o
                0x000000000000017c                Sounds__PlaySounds
 .text.ErrorSoundHandler
                0x0000000000000194       0x6e ./User/System/Sound.o
                0x0000000000000194                ErrorSoundHandler
 .text.Sounds__Background
                0x0000000000000202       0x2a ./User/System/Sound.o
                0x0000000000000202                Sounds__Background
 .text.Error_Detect
                0x000000000000022c       0x14 ./User/System/SysError.o
                0x000000000000022c                Error_Detect
 .text.Error_Erase
                0x0000000000000240       0x14 ./User/System/SysError.o
                0x0000000000000240                Error_Erase
 .text.Error_Handler
                0x0000000000000254       0x8a ./User/System/SysError.o
                0x0000000000000254                Error_Handler
 .text.Error_GetStatus
                0x00000000000002de       0x16 ./User/System/SysError.o
                0x00000000000002de                Error_GetStatus
 .text.SysTick_Init
                0x00000000000002f4       0x7c ./User/System/SysTick.o
                0x00000000000002f4                SysTick_Init
 .text.Timer__MsHandler
                0x0000000000000370       0x34 ./User/System/SysTick.o
                0x0000000000000370                Timer__MsHandler
 .text.SysTick_GetTick
                0x00000000000003a4        0x6 ./User/System/SysTick.o
                0x00000000000003a4                SysTick_GetTick
 .text.SysTick_GetElapsedTime
                0x00000000000003aa       0x18 ./User/System/SysTick.o
                0x00000000000003aa                SysTick_GetElapsedTime
 .text.SysTick_Handler
                0x00000000000003c2       0x20 ./User/System/SysTick.o
                0x00000000000003c2                SysTick_Handler
 .text.CheckCriticalError
                0x00000000000003e2       0x2e ./User/System/ThrustManager.o
                0x00000000000003e2                CheckCriticalError
 .text.SupervisionCMP
                0x0000000000000410       0x30 ./User/System/ThrustManager.o
                0x0000000000000410                SupervisionCMP
 .text.CMPInitialize
                0x0000000000000440        0x6 ./User/System/ThrustManager.o
                0x0000000000000440                CMPInitialize
 .text.ThrustManager_SetMotorAction
                0x0000000000000446        0x8 ./User/System/ThrustManager.o
                0x0000000000000446                ThrustManager_SetMotorAction
 .text.ThrustManager_SetLoadCell
                0x000000000000044e       0x54 ./User/System/ThrustManager.o
                0x000000000000044e                ThrustManager_SetLoadCell
 .text.Thrust_UpdateData
                0x00000000000004a2       0x4a ./User/System/ThrustManager.o
                0x00000000000004a2                Thrust_UpdateData
 .text.newton_sqrt
                0x00000000000004ec       0x96 ./User/System/ThrustManager.o
                0x00000000000004ec                newton_sqrt
 .text.CMP_BackgroundHandler
                0x0000000000000582      0x18c ./User/System/ThrustManager.o
                0x0000000000000582                CMP_BackgroundHandler
 .text.EXTI7_0_IRQHandler
                0x000000000000070e       0x4c ./User/System/ThrustManager.o
                0x000000000000070e                EXTI7_0_IRQHandler
 .text.ADC__Initialize
                0x000000000000075a      0x196 ./User/Hal/ADC.o
                0x000000000000075a                ADC__Initialize
 .text.ADC_Handler
                0x00000000000008f0       0x64 ./User/Hal/ADC.o
                0x00000000000008f0                ADC_Handler
 .text.ADC__GetValue
                0x0000000000000954       0x16 ./User/Hal/ADC.o
                0x0000000000000954                ADC__GetValue
 .text.USARTx_CFG
                0x000000000000096a       0x9a ./User/Hal/Comunication.o
                0x000000000000096a                USARTx_CFG
 .text.DMA_INIT
                0x0000000000000a04       0x8c ./User/Hal/Comunication.o
                0x0000000000000a04                DMA_INIT
 .text.Comunication_Init
                0x0000000000000a90       0x2c ./User/Hal/Comunication.o
                0x0000000000000a90                Comunication_Init
 .text.SendData
                0x0000000000000abc       0x68 ./User/Hal/Comunication.o
                0x0000000000000abc                SendData
 .text.GetInputData
                0x0000000000000b24       0x20 ./User/Hal/Comunication.o
                0x0000000000000b24                GetInputData
 .text.ReceiveData
                0x0000000000000b44       0xc2 ./User/Hal/Comunication.o
                0x0000000000000b44                ReceiveData
 .text.find_pattern
                0x0000000000000c06      0x13c ./User/Hal/Comunication.o
                0x0000000000000c06                find_pattern
 .text.ProcessReceivedData
                0x0000000000000d42       0x40 ./User/Hal/Comunication.o
                0x0000000000000d42                ProcessReceivedData
 .text.Hal__Initialize
                0x0000000000000d82       0xf0 ./User/Hal/Hal.o
                0x0000000000000d82                Hal__Initialize
 .text.Hal_GetAnalogInput
                0x0000000000000e72        0xc ./User/Hal/Hal.o
                0x0000000000000e72                Hal_GetAnalogInput
 .text.LoadCellSelect
                0x0000000000000e7e        0xa ./User/Hal/Hal.o
                0x0000000000000e7e                LoadCellSelect
 .text.LoadCellRead
                0x0000000000000e88       0xa0 ./User/Hal/Hal.o
                0x0000000000000e88                LoadCellRead
 .text.GetCellRead
                0x0000000000000f28       0x18 ./User/Hal/Hal.o
                0x0000000000000f28                GetCellRead
 .text.LoadCellTare
                0x0000000000000f40       0x14 ./User/Hal/Hal.o
                0x0000000000000f40                LoadCellTare
 .text.Hal__SetBuzzer
                0x0000000000000f54       0x16 ./User/Hal/Hal.o
                0x0000000000000f54                Hal__SetBuzzer
 .text.ADProcess
                0x0000000000000f6a       0x94 ./User/Hal/Hal.o
                0x0000000000000f6a                ADProcess
 .text.Hal__BackgroundHandler
                0x0000000000000ffe        0xc ./User/Hal/Hal.o
                0x0000000000000ffe                Hal__BackgroundHandler
 .text.PPM_SetValue
                0x000000000000100a       0x48 ./User/Hal/PPM.o
                0x000000000000100a                PPM_SetValue
 .text.PPM_Initialize
                0x0000000000001052       0x5e ./User/Hal/PPM.o
                0x0000000000001052                PPM_Initialize
 .text.Pwm__SetTCFrequency
                0x00000000000010b0       0xca ./User/Hal/PWM.o
                0x00000000000010b0                Pwm__SetTCFrequency
 .text.Pwm__SetDutyCycle
                0x000000000000117a       0xb2 ./User/Hal/PWM.o
                0x000000000000117a                Pwm__SetDutyCycle
 .text.Pwm__Initialize
                0x000000000000122c       0xd0 ./User/Hal/PWM.o
                0x000000000000122c                Pwm__Initialize
 .text.Appl__Initialize
                0x00000000000012fc        0xc ./User/Appl/Appl.o
                0x00000000000012fc                Appl__Initialize
 .text.Appl__Handler
                0x0000000000001308       0x3a ./User/Appl/Appl.o
                0x0000000000001308                Appl__Handler
 .text.startup.main
                0x0000000000001342       0xc4 ./User/Appl/main.o
                0x0000000000001342                main
 .text.NMI_Handler
                0x0000000000001406        0x2 ./User/ch32v00x_it.o
                0x0000000000001406                NMI_Handler
 .text.HardFault_Handler
                0x0000000000001408       0x10 ./User/ch32v00x_it.o
                0x0000000000001408                HardFault_Handler
 .text.SystemInit
                0x0000000000001418       0xda ./User/system_ch32v00x.o
                0x0000000000001418                SystemInit
 .text.SystemCoreClockUpdate
                0x00000000000014f2       0x66 ./User/system_ch32v00x.o
                0x00000000000014f2                SystemCoreClockUpdate
 .text.vector_handler
                0x0000000000001558        0x2 ./Startup/startup_ch32v00x.o
                0x0000000000001558                TIM1_CC_IRQHandler
                0x0000000000001558                PVD_IRQHandler
                0x0000000000001558                SPI1_IRQHandler
                0x0000000000001558                AWU_IRQHandler
                0x0000000000001558                DMA1_Channel4_IRQHandler
                0x0000000000001558                ADC1_IRQHandler
                0x0000000000001558                DMA1_Channel7_IRQHandler
                0x0000000000001558                I2C1_EV_IRQHandler
                0x0000000000001558                DMA1_Channel6_IRQHandler
                0x0000000000001558                RCC_IRQHandler
                0x0000000000001558                TIM1_TRG_COM_IRQHandler
                0x0000000000001558                DMA1_Channel1_IRQHandler
                0x0000000000001558                DMA1_Channel5_IRQHandler
                0x0000000000001558                DMA1_Channel3_IRQHandler
                0x0000000000001558                TIM1_UP_IRQHandler
                0x0000000000001558                WWDG_IRQHandler
                0x0000000000001558                TIM2_IRQHandler
                0x0000000000001558                SW_Handler
                0x0000000000001558                TIM1_BRK_IRQHandler
                0x0000000000001558                DMA1_Channel2_IRQHandler
                0x0000000000001558                FLASH_IRQHandler
                0x0000000000001558                USART1_IRQHandler
                0x0000000000001558                I2C1_ER_IRQHandler
 .text.handle_reset
                0x000000000000155a       0xae ./Startup/startup_ch32v00x.o
                0x000000000000155a                handle_reset
 .text.ADC_DeInit
                0x0000000000001608       0x26 ./Peripheral/src/ch32v00x_adc.o
                0x0000000000001608                ADC_DeInit
 .text.ADC_Init
                0x000000000000162e       0x4e ./Peripheral/src/ch32v00x_adc.o
                0x000000000000162e                ADC_Init
 .text.ADC_Cmd  0x000000000000167c       0x10 ./Peripheral/src/ch32v00x_adc.o
                0x000000000000167c                ADC_Cmd
 .text.ADC_DMACmd
                0x000000000000168c       0x12 ./Peripheral/src/ch32v00x_adc.o
                0x000000000000168c                ADC_DMACmd
 .text.ADC_ResetCalibration
                0x000000000000169e        0xa ./Peripheral/src/ch32v00x_adc.o
                0x000000000000169e                ADC_ResetCalibration
 .text.ADC_GetResetCalibrationStatus
                0x00000000000016a8        0x8 ./Peripheral/src/ch32v00x_adc.o
                0x00000000000016a8                ADC_GetResetCalibrationStatus
 .text.ADC_StartCalibration
                0x00000000000016b0        0xa ./Peripheral/src/ch32v00x_adc.o
                0x00000000000016b0                ADC_StartCalibration
 .text.ADC_GetCalibrationStatus
                0x00000000000016ba        0x8 ./Peripheral/src/ch32v00x_adc.o
                0x00000000000016ba                ADC_GetCalibrationStatus
 .text.ADC_SoftwareStartConvCmd
                0x00000000000016c2       0x18 ./Peripheral/src/ch32v00x_adc.o
                0x00000000000016c2                ADC_SoftwareStartConvCmd
 .text.ADC_RegularChannelConfig
                0x00000000000016da       0xb8 ./Peripheral/src/ch32v00x_adc.o
                0x00000000000016da                ADC_RegularChannelConfig
 .text.DMA_DeInit
                0x0000000000001792       0x92 ./Peripheral/src/ch32v00x_dma.o
                0x0000000000001792                DMA_DeInit
 .text.DMA_Init
                0x0000000000001824       0x38 ./Peripheral/src/ch32v00x_dma.o
                0x0000000000001824                DMA_Init
 .text.DMA_Cmd  0x000000000000185c       0x14 ./Peripheral/src/ch32v00x_dma.o
                0x000000000000185c                DMA_Cmd
 .text.DMA_GetCurrDataCounter
                0x0000000000001870        0x8 ./Peripheral/src/ch32v00x_dma.o
                0x0000000000001870                DMA_GetCurrDataCounter
 .text.DMA_GetFlagStatus
                0x0000000000001878        0xe ./Peripheral/src/ch32v00x_dma.o
                0x0000000000001878                DMA_GetFlagStatus
 .text.DMA_ClearFlag
                0x0000000000001886        0x8 ./Peripheral/src/ch32v00x_dma.o
                0x0000000000001886                DMA_ClearFlag
 .text.EXTI_Init
                0x000000000000188e       0x62 ./Peripheral/src/ch32v00x_exti.o
                0x000000000000188e                EXTI_Init
 .text.EXTI_GetITStatus
                0x00000000000018f0       0x1a ./Peripheral/src/ch32v00x_exti.o
                0x00000000000018f0                EXTI_GetITStatus
 .text.EXTI_ClearITPendingBit
                0x000000000000190a        0xc ./Peripheral/src/ch32v00x_exti.o
                0x000000000000190a                EXTI_ClearITPendingBit
 .text.GPIO_Init
                0x0000000000001916       0x76 ./Peripheral/src/ch32v00x_gpio.o
                0x0000000000001916                GPIO_Init
 .text.GPIO_ReadInputDataBit
                0x000000000000198c        0xc ./Peripheral/src/ch32v00x_gpio.o
                0x000000000000198c                GPIO_ReadInputDataBit
 .text.GPIO_WriteBit
                0x0000000000001998        0xa ./Peripheral/src/ch32v00x_gpio.o
                0x0000000000001998                GPIO_WriteBit
 .text.GPIO_EXTILineConfig
                0x00000000000019a2       0x22 ./Peripheral/src/ch32v00x_gpio.o
                0x00000000000019a2                GPIO_EXTILineConfig
 .text.NVIC_PriorityGroupConfig
                0x00000000000019c4        0x6 ./Peripheral/src/ch32v00x_misc.o
                0x00000000000019c4                NVIC_PriorityGroupConfig
 .text.NVIC_Init
                0x00000000000019ca       0x62 ./Peripheral/src/ch32v00x_misc.o
                0x00000000000019ca                NVIC_Init
 .text.RCC_AdjustHSICalibrationValue
                0x0000000000001a2c       0x12 ./Peripheral/src/ch32v00x_rcc.o
                0x0000000000001a2c                RCC_AdjustHSICalibrationValue
 .text.RCC_ADCCLKConfig
                0x0000000000001a3e       0x14 ./Peripheral/src/ch32v00x_rcc.o
                0x0000000000001a3e                RCC_ADCCLKConfig
 .text.RCC_GetClocksFreq
                0x0000000000001a52       0x98 ./Peripheral/src/ch32v00x_rcc.o
                0x0000000000001a52                RCC_GetClocksFreq
 .text.RCC_AHBPeriphClockCmd
                0x0000000000001aea       0x1e ./Peripheral/src/ch32v00x_rcc.o
                0x0000000000001aea                RCC_AHBPeriphClockCmd
 .text.RCC_APB2PeriphClockCmd
                0x0000000000001b08       0x1e ./Peripheral/src/ch32v00x_rcc.o
                0x0000000000001b08                RCC_APB2PeriphClockCmd
 .text.RCC_APB1PeriphClockCmd
                0x0000000000001b26       0x1e ./Peripheral/src/ch32v00x_rcc.o
                0x0000000000001b26                RCC_APB1PeriphClockCmd
 .text.RCC_APB2PeriphResetCmd
                0x0000000000001b44       0x1e ./Peripheral/src/ch32v00x_rcc.o
                0x0000000000001b44                RCC_APB2PeriphResetCmd
 .text.TIM_TimeBaseInit
                0x0000000000001b62       0x4e ./Peripheral/src/ch32v00x_tim.o
                0x0000000000001b62                TIM_TimeBaseInit
 .text.TIM_OC2Init
                0x0000000000001bb0       0x94 ./Peripheral/src/ch32v00x_tim.o
                0x0000000000001bb0                TIM_OC2Init
 .text.TIM_Cmd  0x0000000000001c44       0x18 ./Peripheral/src/ch32v00x_tim.o
                0x0000000000001c44                TIM_Cmd
 .text.TIM_CtrlPWMOutputs
                0x0000000000001c5c       0x16 ./Peripheral/src/ch32v00x_tim.o
                0x0000000000001c5c                TIM_CtrlPWMOutputs
 .text.TIM_ARRPreloadConfig
                0x0000000000001c72       0x1a ./Peripheral/src/ch32v00x_tim.o
                0x0000000000001c72                TIM_ARRPreloadConfig
 .text.TIM_OC2PreloadConfig
                0x0000000000001c8c       0x16 ./Peripheral/src/ch32v00x_tim.o
                0x0000000000001c8c                TIM_OC2PreloadConfig
 .text.USART_Init
                0x0000000000001ca2       0xce ./Peripheral/src/ch32v00x_usart.o
                0x0000000000001ca2                USART_Init
 .text.USART_Cmd
                0x0000000000001d70       0x14 ./Peripheral/src/ch32v00x_usart.o
                0x0000000000001d70                USART_Cmd
 .text.USART_DMACmd
                0x0000000000001d84       0x12 ./Peripheral/src/ch32v00x_usart.o
                0x0000000000001d84                USART_DMACmd
 .text.USART_SendData
                0x0000000000001d96        0x8 ./Peripheral/src/ch32v00x_usart.o
                0x0000000000001d96                USART_SendData
 .text.USART_GetFlagStatus
                0x0000000000001d9e        0xa ./Peripheral/src/ch32v00x_usart.o
                0x0000000000001d9e                USART_GetFlagStatus
 .text._write   0x0000000000001da8       0x46 ./Debug/debug.o
                0x0000000000001da8                _write
 .text.printchar
                0x0000000000001dee       0x48 /usr/share/MRS2/MRS-linux-x64/resources/app/resources/linux/components/WCH/Toolchain/RISC-V Embedded GCC12/bin/../lib/gcc/riscv-wch-elf/12.2.0/../../../../riscv-wch-elf/lib/rv32ec_xw/ilp32e/libprintf.a(wchprintf.o)
                0x0000000000001dee                printchar
 .text.prints   0x0000000000001e36       0xe6 /usr/share/MRS2/MRS-linux-x64/resources/app/resources/linux/components/WCH/Toolchain/RISC-V Embedded GCC12/bin/../lib/gcc/riscv-wch-elf/12.2.0/../../../../riscv-wch-elf/lib/rv32ec_xw/ilp32e/libprintf.a(wchprintf.o)
                0x0000000000001e36                prints
 .text.printInt
                0x0000000000001f1c      0x118 /usr/share/MRS2/MRS-linux-x64/resources/app/resources/linux/components/WCH/Toolchain/RISC-V Embedded GCC12/bin/../lib/gcc/riscv-wch-elf/12.2.0/../../../../riscv-wch-elf/lib/rv32ec_xw/ilp32e/libprintf.a(wchprintf.o)
                0x0000000000001f1c                printInt
 .text.printLongLongInt
                0x0000000000002034        0x4 /usr/share/MRS2/MRS-linux-x64/resources/app/resources/linux/components/WCH/Toolchain/RISC-V Embedded GCC12/bin/../lib/gcc/riscv-wch-elf/12.2.0/../../../../riscv-wch-elf/lib/rv32ec_xw/ilp32e/libprintf.a(wchprintf.o)
                0x0000000000002034                printLongLongInt
 .text.printDouble
                0x0000000000002038        0x4 /usr/share/MRS2/MRS-linux-x64/resources/app/resources/linux/components/WCH/Toolchain/RISC-V Embedded GCC12/bin/../lib/gcc/riscv-wch-elf/12.2.0/../../../../riscv-wch-elf/lib/rv32ec_xw/ilp32e/libprintf.a(wchprintf.o)
                0x0000000000002038                printDouble
 .text.print    0x000000000000203c      0x35e /usr/share/MRS2/MRS-linux-x64/resources/app/resources/linux/components/WCH/Toolchain/RISC-V Embedded GCC12/bin/../lib/gcc/riscv-wch-elf/12.2.0/../../../../riscv-wch-elf/lib/rv32ec_xw/ilp32e/libprintf.a(wchprintf.o)
                0x000000000000203c                print
 .text.sprintf  0x000000000000239a       0x28 /usr/share/MRS2/MRS-linux-x64/resources/app/resources/linux/components/WCH/Toolchain/RISC-V Embedded GCC12/bin/../lib/gcc/riscv-wch-elf/12.2.0/../../../../riscv-wch-elf/lib/rv32ec_xw/ilp32e/libprintf.a(wchprintf.o)
                0x000000000000239a                sprintf
 .text.__divdi3
                0x00000000000023c2      0x508 /usr/share/MRS2/MRS-linux-x64/resources/app/resources/linux/components/WCH/Toolchain/RISC-V Embedded GCC12/bin/../lib/gcc/riscv-wch-elf/12.2.0/rv32ec_xw/ilp32e/libgcc.a(_divdi3.o)
                0x00000000000023c2                __divdi3
 .text.__muldi3
                0x00000000000028ca       0x76 /usr/share/MRS2/MRS-linux-x64/resources/app/resources/linux/components/WCH/Toolchain/RISC-V Embedded GCC12/bin/../lib/gcc/riscv-wch-elf/12.2.0/rv32ec_xw/ilp32e/libgcc.a(multi3.o)
                0x00000000000028ca                __muldi3
 .text.strlen   0x0000000000002940       0x10 /usr/share/MRS2/MRS-linux-x64/resources/app/resources/linux/components/WCH/Toolchain/RISC-V Embedded GCC12/bin/../lib/gcc/riscv-wch-elf/12.2.0/../../../../riscv-wch-elf/lib/rv32ec_xw/ilp32e/libg_nano.a(lib_a-strlen.o)
                0x0000000000002940                strlen
 *(.rodata)
 *(.rodata*)
 *fill*         0x0000000000002950        0x0 
 .rodata.Thrust_UpdateData.str1.4
                0x0000000000002950       0x1e ./User/System/ThrustManager.o
 *fill*         0x000000000000296e        0x2 
 .rodata.Adc_Enable_Table
                0x0000000000002970        0x9 ./User/Hal/ADC.o
                0x0000000000002970                Adc_Enable_Table
 *fill*         0x0000000000002979        0x3 
 .rodata.PWM_Enable_Table
                0x000000000000297c        0x7 ./User/Hal/PWM.o
                0x000000000000297c                PWM_Enable_Table
 *fill*         0x0000000000002983        0x1 
 .rodata.main   0x0000000000002984       0x18 ./User/Appl/main.o
 .rodata.print.str1.4
                0x000000000000299c        0x7 /usr/share/MRS2/MRS-linux-x64/resources/app/resources/linux/components/WCH/Toolchain/RISC-V Embedded GCC12/bin/../lib/gcc/riscv-wch-elf/12.2.0/../../../../riscv-wch-elf/lib/rv32ec_xw/ilp32e/libprintf.a(wchprintf.o)
 *fill*         0x00000000000029a3        0x1 
 .rodata.__clz_tab
                0x00000000000029a4      0x100 /usr/share/MRS2/MRS-linux-x64/resources/app/resources/linux/components/WCH/Toolchain/RISC-V Embedded GCC12/bin/../lib/gcc/riscv-wch-elf/12.2.0/rv32ec_xw/ilp32e/libgcc.a(_clz.o)
                0x00000000000029a4                __clz_tab
 *(.gnu.linkonce.t.*)
                0x0000000000002aa4                . = ALIGN (0x4)

.rela.dyn       0x0000000000002aa4        0x0
 .rela.init     0x0000000000002aa4        0x0 ./User/System/Sound.o
 .rela.text.handle_reset
                0x0000000000002aa4        0x0 ./User/System/Sound.o

.fini           0x0000000000002aa4        0x0
 *(SORT_NONE(.fini))
                0x0000000000002aa4                . = ALIGN (0x4)
                [!provide]                        PROVIDE (_etext = .)
                [!provide]                        PROVIDE (_eitcm = .)

.preinit_array  0x0000000000002aa4        0x0
                [!provide]                        PROVIDE (__preinit_array_start = .)
 *(.preinit_array)
                [!provide]                        PROVIDE (__preinit_array_end = .)

.init_array     0x0000000000002aa4        0x0
                [!provide]                        PROVIDE (__init_array_start = .)
 *(SORT_BY_INIT_PRIORITY(.init_array.*) SORT_BY_INIT_PRIORITY(.ctors.*))
 *(.init_array EXCLUDE_FILE(*crtend?.o *crtend.o *crtbegin?.o *crtbegin.o) .ctors)
                [!provide]                        PROVIDE (__init_array_end = .)

.fini_array     0x0000000000002aa4        0x0
                [!provide]                        PROVIDE (__fini_array_start = .)
 *(SORT_BY_INIT_PRIORITY(.fini_array.*) SORT_BY_INIT_PRIORITY(.dtors.*))
 *(.fini_array EXCLUDE_FILE(*crtend?.o *crtend.o *crtbegin?.o *crtbegin.o) .dtors)
                [!provide]                        PROVIDE (__fini_array_end = .)

.ctors
 *crtbegin.o(.ctors)
 *crtbegin?.o(.ctors)
 *(EXCLUDE_FILE(*crtend?.o *crtend.o) .ctors)
 *(SORT_BY_NAME(.ctors.*))
 *(.ctors)

.dtors
 *crtbegin.o(.dtors)
 *crtbegin?.o(.dtors)
 *(EXCLUDE_FILE(*crtend?.o *crtend.o) .dtors)
 *(SORT_BY_NAME(.dtors.*))
 *(.dtors)

.dalign         0x0000000020000000        0x0 load address 0x0000000000002aa4
                0x0000000020000000                . = ALIGN (0x4)
                0x0000000020000000                PROVIDE (_data_vma = .)

.dlalign        0x0000000000002aa4        0x0
                0x0000000000002aa4                . = ALIGN (0x4)
                0x0000000000002aa4                PROVIDE (_data_lma = .)

.data           0x0000000020000000       0x48 load address 0x0000000000002aa4
                0x0000000020000000                . = ALIGN (0x4)
 *(.gnu.linkonce.r.*)
 *(.data .data.*)
 .data.state_buzzer.0
                0x0000000020000000        0x1 ./User/System/Sound.o
 .data.state.1  0x0000000020000001        0x1 ./User/System/Sound.o
 .data.rho0     0x0000000020000002        0x2 ./User/System/ThrustManager.o
                0x0000000020000002                rho0
 .data.Calib    0x0000000020000004        0x8 ./User/System/ThrustManager.o
                0x0000000020000004                Calib
 .data.SelectCell
                0x000000002000000c        0x4 ./User/Hal/Hal.o
                0x000000002000000c                SelectCell
 .data.AHBPrescTable
                0x0000000020000010       0x10 ./User/system_ch32v00x.o
                0x0000000020000010                AHBPrescTable
 .data.SystemCoreClock
                0x0000000020000020        0x4 ./User/system_ch32v00x.o
                0x0000000020000020                SystemCoreClock
 .data.ADCPrescTable
                0x0000000020000024       0x14 ./Peripheral/src/ch32v00x_rcc.o
 .data.APBAHBPrescTable
                0x0000000020000038       0x10 ./Peripheral/src/ch32v00x_rcc.o
 *(.gnu.linkonce.d.*)
                0x0000000020000048                . = ALIGN (0x8)
                0x0000000020000848                PROVIDE (__global_pointer$ = (. + 0x800))
 *(.sdata .sdata.*)
 *(.sdata2*)
 *(.gnu.linkonce.s.*)
                0x0000000020000048                . = ALIGN (0x8)
 *(.srodata.cst16)
 *(.srodata.cst8)
 *(.srodata.cst4)
 *(.srodata.cst2)
 *(.srodata .srodata.*)
                0x0000000020000048                . = ALIGN (0x4)
                0x0000000020000048                PROVIDE (_edata = .)

.bss            0x0000000020000048      0x248 load address 0x0000000000002aec
                0x0000000020000048                . = ALIGN (0x4)
                0x0000000020000048                PROVIDE (_sbss = .)
 *(.sbss*)
 *(.gnu.linkonce.sb.*)
 *(.bss*)
 .bss.on_tick   0x0000000020000048        0x4 ./User/System/Sound.o
                0x0000000020000048                on_tick
 .bss.id_Sound  0x000000002000004c        0x4 ./User/System/Sound.o
                0x000000002000004c                id_Sound
 .bss.PlaySound
                0x0000000020000050        0x4 ./User/System/Sound.o
                0x0000000020000050                PlaySound
 .bss.tick_error
                0x0000000020000054        0x4 ./User/System/SysError.o
                0x0000000020000054                tick_error
 .bss.err_last  0x0000000020000058        0x1 ./User/System/SysError.o
                0x0000000020000058                err_last
 *fill*         0x0000000020000059        0x3 
 .bss.err_vect  0x000000002000005c       0x20 ./User/System/SysError.o
                0x000000002000005c                err_vect
 .bss.Ms_Timers
                0x000000002000007c       0x28 ./User/System/SysTick.o
                0x000000002000007c                Ms_Timers
 .bss.SysTick_State
                0x00000000200000a4        0x4 ./User/System/SysTick.o
                0x00000000200000a4                SysTick_State
 .bss.SysTick_Count
                0x00000000200000a8        0x4 ./User/System/SysTick.o
                0x00000000200000a8                SysTick_Count
 .bss.Flag_tickMS
                0x00000000200000ac        0x1 ./User/System/SysTick.o
                0x00000000200000ac                Flag_tickMS
 *fill*         0x00000000200000ad        0x3 
 .bss.buffer.0  0x00000000200000b0       0x40 ./User/System/ThrustManager.o
 .bss.prev_RPM_tick
                0x00000000200000f0        0x4 ./User/System/ThrustManager.o
                0x00000000200000f0                prev_RPM_tick
 .bss.LastPWM_tick
                0x00000000200000f4        0x4 ./User/System/ThrustManager.o
                0x00000000200000f4                LastPWM_tick
 .bss.LenghtPWM
                0x00000000200000f8        0x2 ./User/System/ThrustManager.o
                0x00000000200000f8                LenghtPWM
 *fill*         0x00000000200000fa        0x2 
 .bss.PWM_tick  0x00000000200000fc        0x4 ./User/System/ThrustManager.o
                0x00000000200000fc                PWM_tick
 .bss.Duty      0x0000000020000100        0x2 ./User/System/ThrustManager.o
                0x0000000020000100                Duty
 *fill*         0x0000000020000102        0x2 
 .bss.data_out  0x0000000020000104       0x1b ./User/System/ThrustManager.o
                0x0000000020000104                data_out
 *fill*         0x000000002000011f        0x1 
 .bss.data_in   0x0000000020000120       0x10 ./User/System/ThrustManager.o
                0x0000000020000120                data_in
 .bss.RPM_count
                0x0000000020000130        0x4 ./User/System/ThrustManager.o
                0x0000000020000130                RPM_count
 .bss.ADC_Buffer
                0x0000000020000134       0x12 ./User/Hal/ADC.o
                0x0000000020000134                ADC_Buffer
 *fill*         0x0000000020000146        0x2 
 .bss.DMA_Buffer
                0x0000000020000148       0x12 ./User/Hal/ADC.o
                0x0000000020000148                DMA_Buffer
 *fill*         0x000000002000015a        0x2 
 .bss.processing_buffer.0
                0x000000002000015c       0x40 ./User/Hal/Comunication.o
 .bss.data_buffer
                0x000000002000019c       0x10 ./User/Hal/Comunication.o
                0x000000002000019c                data_buffer
 .bss.NewData   0x00000000200001ac        0x1 ./User/Hal/Comunication.o
                0x00000000200001ac                NewData
 *fill*         0x00000000200001ad        0x3 
 .bss.RxBuffer1
                0x00000000200001b0       0x40 ./User/Hal/Comunication.o
                0x00000000200001b0                RxBuffer1
 .bss.TxBuffer1
                0x00000000200001f0       0x40 ./User/Hal/Comunication.o
                0x00000000200001f0                TxBuffer1
 .bss.LoadCellOffset
                0x0000000020000230        0x8 ./User/Hal/Hal.o
                0x0000000020000230                LoadCellOffset
 .bss.LoadCellStore
                0x0000000020000238        0x8 ./User/Hal/Hal.o
                0x0000000020000238                LoadCellStore
 .bss.Hal_Analog_Inputs
                0x0000000020000240        0x6 ./User/Hal/Hal.o
                0x0000000020000240                Hal_Analog_Inputs
 *fill*         0x0000000020000246        0x2 
 .bss.AD_Counter
                0x0000000020000248        0x3 ./User/Hal/Hal.o
                0x0000000020000248                AD_Counter
 *fill*         0x000000002000024b        0x1 
 .bss.AD_Sample
                0x000000002000024c        0x6 ./User/Hal/Hal.o
                0x000000002000024c                AD_Sample
 *fill*         0x0000000020000252        0x2 
 .bss.AD_Accumulator
                0x0000000020000254        0x6 ./User/Hal/Hal.o
                0x0000000020000254                AD_Accumulator
 *fill*         0x000000002000025a        0x2 
 .bss.AD_Channel
                0x000000002000025c        0x4 ./User/Hal/Hal.o
                0x000000002000025c                AD_Channel
 .bss.time_period
                0x0000000020000260        0x4 ./User/Hal/PPM.o
                0x0000000020000260                time_period
 .bss.PPM_duty  0x0000000020000264        0x4 ./User/Hal/PPM.o
                0x0000000020000264                PPM_duty
 .bss.Global_state
                0x0000000020000268        0x4 ./User/Hal/PPM.o
                0x0000000020000268                Global_state
 .bss.TIM_OCInitStructure.0
                0x000000002000026c       0x10 ./User/Hal/PWM.o
 .bss.timer_period
                0x000000002000027c        0x4 ./User/Hal/PWM.o
 .bss.Status    0x0000000020000280        0x4 ./User/Appl/Appl.o
                0x0000000020000280                Status
 .bss.prev_Slot
                0x0000000020000284        0x4 ./User/Appl/main.o
                0x0000000020000284                prev_Slot
 .bss.Slot      0x0000000020000288        0x4 ./User/Appl/main.o
                0x0000000020000288                Slot
 .bss.NVIC_Priority_Group
                0x000000002000028c        0x4 ./Peripheral/src/ch32v00x_misc.o
                0x000000002000028c                NVIC_Priority_Group
 *(.gnu.linkonce.b.*)
 *(COMMON*)
                0x0000000020000290                . = ALIGN (0x4)
                0x0000000020000290                PROVIDE (_ebss = .)
                0x0000000020000290                PROVIDE (_end = _ebss)
                [!provide]                        PROVIDE (end = .)

.stack          0x0000000020000700      0x100
                0x0000000020000700                PROVIDE (_heap_end = .)
                0x0000000020000700                . = ALIGN (0x4)
                [!provide]                        PROVIDE (_susrstack = .)
                0x0000000020000800                . = (. + __stack_size)
 *fill*         0x0000000020000700      0x100 
                0x0000000020000800                PROVIDE (_eusrstack = .)
OUTPUT(ProjetoFinalAAM.elf elf32-littleriscv)

.debug_info     0x0000000000000000     0xb1e8
 .debug_info    0x0000000000000000      0x289 ./User/System/Sound.o
 .debug_info    0x0000000000000289      0x2e6 ./User/System/SysError.o
 .debug_info    0x000000000000056f      0x711 ./User/System/SysTick.o
 .debug_info    0x0000000000000c80      0xcc1 ./User/System/ThrustManager.o
 .debug_info    0x0000000000001941      0xb92 ./User/Hal/ADC.o
 .debug_info    0x00000000000024d3      0xd51 ./User/Hal/Comunication.o
 .debug_info    0x0000000000003224      0xd24 ./User/Hal/Hal.o
 .debug_info    0x0000000000003f48      0x5ca ./User/Hal/PPM.o
 .debug_info    0x0000000000004512      0xa12 ./User/Hal/PWM.o
 .debug_info    0x0000000000004f24      0x219 ./User/Appl/Appl.o
 .debug_info    0x000000000000513d      0x389 ./User/Appl/main.o
 .debug_info    0x00000000000054c6      0x2f5 ./User/ch32v00x_it.o
 .debug_info    0x00000000000057bb      0x35a ./User/system_ch32v00x.o
 .debug_info    0x0000000000005b15       0x23 ./Startup/startup_ch32v00x.o
 .debug_info    0x0000000000005b38      0xbc5 ./Peripheral/src/ch32v00x_adc.o
 .debug_info    0x00000000000066fd      0x435 ./Peripheral/src/ch32v00x_dma.o
 .debug_info    0x0000000000006b32      0x338 ./Peripheral/src/ch32v00x_exti.o
 .debug_info    0x0000000000006e6a      0x741 ./Peripheral/src/ch32v00x_gpio.o
 .debug_info    0x00000000000075ab      0x4f2 ./Peripheral/src/ch32v00x_misc.o
 .debug_info    0x0000000000007a9d      0x78d ./Peripheral/src/ch32v00x_rcc.o
 .debug_info    0x000000000000822a     0x1e98 ./Peripheral/src/ch32v00x_tim.o
 .debug_info    0x000000000000a0c2      0xa39 ./Peripheral/src/ch32v00x_usart.o
 .debug_info    0x000000000000aafb      0x6ed ./Debug/debug.o

.debug_abbrev   0x0000000000000000     0x2ad0
 .debug_abbrev  0x0000000000000000      0x16f ./User/System/Sound.o
 .debug_abbrev  0x000000000000016f      0x1a1 ./User/System/SysError.o
 .debug_abbrev  0x0000000000000310      0x265 ./User/System/SysTick.o
 .debug_abbrev  0x0000000000000575      0x294 ./User/System/ThrustManager.o
 .debug_abbrev  0x0000000000000809      0x26f ./User/Hal/ADC.o
 .debug_abbrev  0x0000000000000a78      0x266 ./User/Hal/Comunication.o
 .debug_abbrev  0x0000000000000cde      0x2a7 ./User/Hal/Hal.o
 .debug_abbrev  0x0000000000000f85      0x1b5 ./User/Hal/PPM.o
 .debug_abbrev  0x000000000000113a      0x295 ./User/Hal/PWM.o
 .debug_abbrev  0x00000000000013cf      0x117 ./User/Appl/Appl.o
 .debug_abbrev  0x00000000000014e6      0x11d ./User/Appl/main.o
 .debug_abbrev  0x0000000000001603       0xfe ./User/ch32v00x_it.o
 .debug_abbrev  0x0000000000001701      0x1a7 ./User/system_ch32v00x.o
 .debug_abbrev  0x00000000000018a8       0x12 ./Startup/startup_ch32v00x.o
 .debug_abbrev  0x00000000000018ba      0x1bd ./Peripheral/src/ch32v00x_adc.o
 .debug_abbrev  0x0000000000001a77      0x1ba ./Peripheral/src/ch32v00x_dma.o
 .debug_abbrev  0x0000000000001c31      0x17c ./Peripheral/src/ch32v00x_exti.o
 .debug_abbrev  0x0000000000001dad      0x1f0 ./Peripheral/src/ch32v00x_gpio.o
 .debug_abbrev  0x0000000000001f9d      0x1c0 ./Peripheral/src/ch32v00x_misc.o
 .debug_abbrev  0x000000000000215d      0x236 ./Peripheral/src/ch32v00x_rcc.o
 .debug_abbrev  0x0000000000002393      0x321 ./Peripheral/src/ch32v00x_tim.o
 .debug_abbrev  0x00000000000026b4      0x1ff ./Peripheral/src/ch32v00x_usart.o
 .debug_abbrev  0x00000000000028b3      0x21d ./Debug/debug.o

.debug_aranges  0x0000000000000000      0xb50
 .debug_aranges
                0x0000000000000000       0x38 ./User/System/Sound.o
 .debug_aranges
                0x0000000000000038       0x38 ./User/System/SysError.o
 .debug_aranges
                0x0000000000000070       0x68 ./User/System/SysTick.o
 .debug_aranges
                0x00000000000000d8       0x60 ./User/System/ThrustManager.o
 .debug_aranges
                0x0000000000000138       0x38 ./User/Hal/ADC.o
 .debug_aranges
                0x0000000000000170       0x60 ./User/Hal/Comunication.o
 .debug_aranges
                0x00000000000001d0       0x80 ./User/Hal/Hal.o
 .debug_aranges
                0x0000000000000250       0x30 ./User/Hal/PPM.o
 .debug_aranges
                0x0000000000000280       0x30 ./User/Hal/PWM.o
 .debug_aranges
                0x00000000000002b0       0x28 ./User/Appl/Appl.o
 .debug_aranges
                0x00000000000002d8       0x20 ./User/Appl/main.o
 .debug_aranges
                0x00000000000002f8       0x28 ./User/ch32v00x_it.o
 .debug_aranges
                0x0000000000000320       0x28 ./User/system_ch32v00x.o
 .debug_aranges
                0x0000000000000348       0x30 ./Startup/startup_ch32v00x.o
 .debug_aranges
                0x0000000000000378      0x138 ./Peripheral/src/ch32v00x_adc.o
 .debug_aranges
                0x00000000000004b0       0x70 ./Peripheral/src/ch32v00x_dma.o
 .debug_aranges
                0x0000000000000520       0x58 ./Peripheral/src/ch32v00x_exti.o
 .debug_aranges
                0x0000000000000578       0x98 ./Peripheral/src/ch32v00x_gpio.o
 .debug_aranges
                0x0000000000000610       0x28 ./Peripheral/src/ch32v00x_misc.o
 .debug_aranges
                0x0000000000000638       0xe0 ./Peripheral/src/ch32v00x_rcc.o
 .debug_aranges
                0x0000000000000718      0x2e8 ./Peripheral/src/ch32v00x_tim.o
 .debug_aranges
                0x0000000000000a00      0x100 ./Peripheral/src/ch32v00x_usart.o
 .debug_aranges
                0x0000000000000b00       0x50 ./Debug/debug.o

.debug_rnglists
                0x0000000000000000      0xca9
 .debug_rnglists
                0x0000000000000000       0x44 ./User/System/Sound.o
 .debug_rnglists
                0x0000000000000044       0x44 ./User/System/SysError.o
 .debug_rnglists
                0x0000000000000088       0x67 ./User/System/SysTick.o
 .debug_rnglists
                0x00000000000000ef       0x84 ./User/System/ThrustManager.o
 .debug_rnglists
                0x0000000000000173       0xab ./User/Hal/ADC.o
 .debug_rnglists
                0x000000000000021e       0x71 ./User/Hal/Comunication.o
 .debug_rnglists
                0x000000000000028f       0x82 ./User/Hal/Hal.o
 .debug_rnglists
                0x0000000000000311       0x28 ./User/Hal/PPM.o
 .debug_rnglists
                0x0000000000000339       0x3b ./User/Hal/PWM.o
 .debug_rnglists
                0x0000000000000374       0x1f ./User/Appl/Appl.o
 .debug_rnglists
                0x0000000000000393       0x16 ./User/Appl/main.o
 .debug_rnglists
                0x00000000000003a9       0x1f ./User/ch32v00x_it.o
 .debug_rnglists
                0x00000000000003c8       0x1f ./User/system_ch32v00x.o
 .debug_rnglists
                0x00000000000003e7       0x21 ./Startup/startup_ch32v00x.o
 .debug_rnglists
                0x0000000000000408      0x151 ./Peripheral/src/ch32v00x_adc.o
 .debug_rnglists
                0x0000000000000559       0x70 ./Peripheral/src/ch32v00x_dma.o
 .debug_rnglists
                0x00000000000005c9       0x55 ./Peripheral/src/ch32v00x_exti.o
 .debug_rnglists
                0x000000000000061e       0x9d ./Peripheral/src/ch32v00x_gpio.o
 .debug_rnglists
                0x00000000000006bb       0x45 ./Peripheral/src/ch32v00x_misc.o
 .debug_rnglists
                0x0000000000000700       0xee ./Peripheral/src/ch32v00x_rcc.o
 .debug_rnglists
                0x00000000000007ee      0x35d ./Peripheral/src/ch32v00x_tim.o
 .debug_rnglists
                0x0000000000000b4b      0x112 ./Peripheral/src/ch32v00x_usart.o
 .debug_rnglists
                0x0000000000000c5d       0x4c ./Debug/debug.o

.debug_line     0x0000000000000000     0xb74b
 .debug_line    0x0000000000000000      0x268 ./User/System/Sound.o
 .debug_line    0x0000000000000268      0x2a4 ./User/System/SysError.o
 .debug_line    0x000000000000050c      0x738 ./User/System/SysTick.o
 .debug_line    0x0000000000000c44      0x8fe ./User/System/ThrustManager.o
 .debug_line    0x0000000000001542      0x719 ./User/Hal/ADC.o
 .debug_line    0x0000000000001c5b      0xb78 ./User/Hal/Comunication.o
 .debug_line    0x00000000000027d3      0x82d ./User/Hal/Hal.o
 .debug_line    0x0000000000003000      0x21e ./User/Hal/PPM.o
 .debug_line    0x000000000000321e      0x5a4 ./User/Hal/PWM.o
 .debug_line    0x00000000000037c2      0x10d ./User/Appl/Appl.o
 .debug_line    0x00000000000038cf      0x2a4 ./User/Appl/main.o
 .debug_line    0x0000000000003b73       0xdb ./User/ch32v00x_it.o
 .debug_line    0x0000000000003c4e      0x413 ./User/system_ch32v00x.o
 .debug_line    0x0000000000004061      0x144 ./Startup/startup_ch32v00x.o
 .debug_line    0x00000000000041a5     0x1212 ./Peripheral/src/ch32v00x_adc.o
 .debug_line    0x00000000000053b7      0x5bc ./Peripheral/src/ch32v00x_dma.o
 .debug_line    0x0000000000005973      0x408 ./Peripheral/src/ch32v00x_exti.o
 .debug_line    0x0000000000005d7b      0x9cd ./Peripheral/src/ch32v00x_gpio.o
 .debug_line    0x0000000000006748      0x1d7 ./Peripheral/src/ch32v00x_misc.o
 .debug_line    0x000000000000691f      0xc6e ./Peripheral/src/ch32v00x_rcc.o
 .debug_line    0x000000000000758d     0x2edf ./Peripheral/src/ch32v00x_tim.o
 .debug_line    0x000000000000a46c      0xd56 ./Peripheral/src/ch32v00x_usart.o
 .debug_line    0x000000000000b1c2      0x589 ./Debug/debug.o

.debug_str      0x0000000000000000     0x331d
 .debug_str     0x0000000000000000      0x341 ./User/System/Sound.o
                                        0x389 (size before relaxing)
 .debug_str     0x0000000000000341       0xbe ./User/System/SysError.o
                                        0x398 (size before relaxing)
 .debug_str     0x00000000000003ff      0x42c ./User/System/SysTick.o
                                        0x651 (size before relaxing)
 .debug_str     0x000000000000082b      0x37f ./User/System/ThrustManager.o
                                        0x7c9 (size before relaxing)
 .debug_str     0x0000000000000baa      0x5d9 ./User/Hal/ADC.o
                                        0x80c (size before relaxing)
 .debug_str     0x0000000000001183      0x2c5 ./User/Hal/Comunication.o
                                        0x794 (size before relaxing)
 .debug_str     0x0000000000001448      0x44f ./User/Hal/Hal.o
                                        0xb09 (size before relaxing)
 .debug_str     0x0000000000001897       0xb3 ./User/Hal/PPM.o
                                        0x4c3 (size before relaxing)
 .debug_str     0x000000000000194a      0x1ed ./User/Hal/PWM.o
                                        0x766 (size before relaxing)
 .debug_str     0x0000000000001b37       0x1f ./User/Appl/Appl.o
                                        0x378 (size before relaxing)
 .debug_str     0x0000000000001b56       0xa3 ./User/Appl/main.o
                                        0x46e (size before relaxing)
 .debug_str     0x0000000000001bf9       0x1e ./User/ch32v00x_it.o
                                        0x2bd (size before relaxing)
 .debug_str     0x0000000000001c17       0x80 ./User/system_ch32v00x.o
                                        0x349 (size before relaxing)
 .debug_str     0x0000000000001c97       0x74 ./Startup/startup_ch32v00x.o
 .debug_str     0x0000000000001d0b      0x3a0 ./Peripheral/src/ch32v00x_adc.o
                                        0x7b7 (size before relaxing)
 .debug_str     0x00000000000020ab       0x9f ./Peripheral/src/ch32v00x_dma.o
                                        0x420 (size before relaxing)
 .debug_str     0x000000000000214a       0x8d ./Peripheral/src/ch32v00x_exti.o
                                        0x3b9 (size before relaxing)
 .debug_str     0x00000000000021d7      0x14f ./Peripheral/src/ch32v00x_gpio.o
                                        0x56f (size before relaxing)
 .debug_str     0x0000000000002326       0x61 ./Peripheral/src/ch32v00x_misc.o
                                        0x537 (size before relaxing)
 .debug_str     0x0000000000002387      0x281 ./Peripheral/src/ch32v00x_rcc.o
                                        0x5e8 (size before relaxing)
 .debug_str     0x0000000000002608      0x943 ./Peripheral/src/ch32v00x_tim.o
                                        0xe98 (size before relaxing)
 .debug_str     0x0000000000002f4b      0x347 ./Peripheral/src/ch32v00x_usart.o
                                        0x73f (size before relaxing)
 .debug_str     0x0000000000003292       0x8b ./Debug/debug.o
                                        0x583 (size before relaxing)

.debug_line_str
                0x0000000000000000      0x840
 .debug_line_str
                0x0000000000000000      0x1f8 ./User/System/Sound.o
                                        0x252 (size before relaxing)
 .debug_line_str
                0x00000000000001f8       0x1a ./User/System/SysError.o
                                        0x232 (size before relaxing)
 .debug_line_str
                0x0000000000000212      0x131 ./User/System/SysTick.o
                                        0x33f (size before relaxing)
 .debug_line_str
                0x0000000000000343      0x12f ./User/System/ThrustManager.o
                                        0x41f (size before relaxing)
 .debug_line_str
                0x0000000000000472       0x82 ./User/Hal/ADC.o
                                        0x303 (size before relaxing)
 .debug_line_str
                0x00000000000004f4       0xee ./User/Hal/Comunication.o
                                        0x457 (size before relaxing)
 .debug_line_str
                0x00000000000005e2       0x28 ./User/Hal/Hal.o
                                        0x366 (size before relaxing)
 .debug_line_str
                0x000000000000060a       0x21 ./User/Hal/PPM.o
                                        0x327 (size before relaxing)
 .debug_line_str
                0x000000000000062b       0x12 ./User/Hal/PWM.o
                                        0x346 (size before relaxing)
 .debug_line_str
                0x000000000000063d       0x38 ./User/Appl/Appl.o
                                         0xfd (size before relaxing)
 .debug_line_str
                0x0000000000000675       0x3c ./User/Appl/main.o
                                        0x341 (size before relaxing)
 .debug_line_str
                0x00000000000006b1       0x1e ./User/ch32v00x_it.o
                                        0x24f (size before relaxing)
 .debug_line_str
                0x00000000000006cf       0x1a ./User/system_ch32v00x.o
                                        0x2cf (size before relaxing)
 .debug_line_str
                0x00000000000006e9       0x1e ./Startup/startup_ch32v00x.o
                                         0x7b (size before relaxing)
 .debug_line_str
                0x0000000000000707       0x33 ./Peripheral/src/ch32v00x_adc.o
                                        0x2e4 (size before relaxing)
 .debug_line_str
                0x000000000000073a       0x21 ./Peripheral/src/ch32v00x_dma.o
                                        0x2d5 (size before relaxing)
 .debug_line_str
                0x000000000000075b       0x22 ./Peripheral/src/ch32v00x_exti.o
                                        0x2d9 (size before relaxing)
 .debug_line_str
                0x000000000000077d       0x22 ./Peripheral/src/ch32v00x_gpio.o
                                        0x2e8 (size before relaxing)
 .debug_line_str
                0x000000000000079f       0x22 ./Peripheral/src/ch32v00x_misc.o
                                        0x2d9 (size before relaxing)
 .debug_line_str
                0x00000000000007c1       0x21 ./Peripheral/src/ch32v00x_rcc.o
                                        0x2d5 (size before relaxing)
 .debug_line_str
                0x00000000000007e2       0x21 ./Peripheral/src/ch32v00x_tim.o
                                        0x2e4 (size before relaxing)
 .debug_line_str
                0x0000000000000803       0x23 ./Peripheral/src/ch32v00x_usart.o
                                        0x2ec (size before relaxing)
 .debug_line_str
                0x0000000000000826       0x1a ./Debug/debug.o
                                        0x3c5 (size before relaxing)

.comment        0x0000000000000000       0x66
 .comment       0x0000000000000000       0x33 ./User/System/Sound.o
                                         0x34 (size before relaxing)
 .comment       0x0000000000000033       0x34 ./User/System/SysError.o
 .comment       0x0000000000000033       0x34 ./User/System/SysTick.o
 .comment       0x0000000000000033       0x34 ./User/System/ThrustManager.o
 .comment       0x0000000000000033       0x34 ./User/Hal/ADC.o
 .comment       0x0000000000000033       0x34 ./User/Hal/Comunication.o
 .comment       0x0000000000000033       0x34 ./User/Hal/Hal.o
 .comment       0x0000000000000033       0x34 ./User/Hal/PPM.o
 .comment       0x0000000000000033       0x34 ./User/Hal/PWM.o
 .comment       0x0000000000000033       0x34 ./User/Appl/Appl.o
 .comment       0x0000000000000033       0x34 ./User/Appl/main.o
 .comment       0x0000000000000033       0x34 ./User/ch32v00x_it.o
 .comment       0x0000000000000033       0x34 ./User/system_ch32v00x.o
 .comment       0x0000000000000033       0x34 ./Peripheral/src/ch32v00x_adc.o
 .comment       0x0000000000000033       0x34 ./Peripheral/src/ch32v00x_dma.o
 .comment       0x0000000000000033       0x34 ./Peripheral/src/ch32v00x_exti.o
 .comment       0x0000000000000033       0x34 ./Peripheral/src/ch32v00x_gpio.o
 .comment       0x0000000000000033       0x34 ./Peripheral/src/ch32v00x_misc.o
 .comment       0x0000000000000033       0x34 ./Peripheral/src/ch32v00x_rcc.o
 .comment       0x0000000000000033       0x34 ./Peripheral/src/ch32v00x_tim.o
 .comment       0x0000000000000033       0x34 ./Peripheral/src/ch32v00x_usart.o
 .comment       0x0000000000000033       0x34 ./Debug/debug.o
 .comment       0x0000000000000033       0x33 /usr/share/MRS2/MRS-linux-x64/resources/app/resources/linux/components/WCH/Toolchain/RISC-V Embedded GCC12/bin/../lib/gcc/riscv-wch-elf/12.2.0/../../../../riscv-wch-elf/lib/rv32ec_xw/ilp32e/libprintf.a(wchprintf.o)
                                         0x34 (size before relaxing)
 .comment       0x0000000000000066       0x34 /usr/share/MRS2/MRS-linux-x64/resources/app/resources/linux/components/WCH/Toolchain/RISC-V Embedded GCC12/bin/../lib/gcc/riscv-wch-elf/12.2.0/rv32ec_xw/ilp32e/libgcc.a(_divdi3.o)
 .comment       0x0000000000000066       0x34 /usr/share/MRS2/MRS-linux-x64/resources/app/resources/linux/components/WCH/Toolchain/RISC-V Embedded GCC12/bin/../lib/gcc/riscv-wch-elf/12.2.0/rv32ec_xw/ilp32e/libgcc.a(multi3.o)
 .comment       0x0000000000000066       0x34 /usr/share/MRS2/MRS-linux-x64/resources/app/resources/linux/components/WCH/Toolchain/RISC-V Embedded GCC12/bin/../lib/gcc/riscv-wch-elf/12.2.0/rv32ec_xw/ilp32e/libgcc.a(_clz.o)
 .comment       0x0000000000000066       0x34 /usr/share/MRS2/MRS-linux-x64/resources/app/resources/linux/components/WCH/Toolchain/RISC-V Embedded GCC12/bin/../lib/gcc/riscv-wch-elf/12.2.0/../../../../riscv-wch-elf/lib/rv32ec_xw/ilp32e/libg_nano.a(lib_a-strlen.o)

.riscv.attributes
                0x0000000000000000       0x29
 .riscv.attributes
                0x0000000000000000       0x29 ./User/System/Sound.o
 .riscv.attributes
                0x0000000000000029       0x29 ./User/System/SysError.o
 .riscv.attributes
                0x0000000000000052       0x29 ./User/System/SysTick.o
 .riscv.attributes
                0x000000000000007b       0x29 ./User/System/ThrustManager.o
 .riscv.attributes
                0x00000000000000a4       0x29 ./User/Hal/ADC.o
 .riscv.attributes
                0x00000000000000cd       0x29 ./User/Hal/Comunication.o
 .riscv.attributes
                0x00000000000000f6       0x29 ./User/Hal/Hal.o
 .riscv.attributes
                0x000000000000011f       0x29 ./User/Hal/PPM.o
 .riscv.attributes
                0x0000000000000148       0x29 ./User/Hal/PWM.o
 .riscv.attributes
                0x0000000000000171       0x29 ./User/Appl/Appl.o
 .riscv.attributes
                0x000000000000019a       0x29 ./User/Appl/main.o
 .riscv.attributes
                0x00000000000001c3       0x29 ./User/ch32v00x_it.o
 .riscv.attributes
                0x00000000000001ec       0x29 ./User/system_ch32v00x.o
 .riscv.attributes
                0x0000000000000215       0x25 ./Startup/startup_ch32v00x.o
 .riscv.attributes
                0x000000000000023a       0x29 ./Peripheral/src/ch32v00x_adc.o
 .riscv.attributes
                0x0000000000000263       0x29 ./Peripheral/src/ch32v00x_dma.o
 .riscv.attributes
                0x000000000000028c       0x29 ./Peripheral/src/ch32v00x_exti.o
 .riscv.attributes
                0x00000000000002b5       0x29 ./Peripheral/src/ch32v00x_gpio.o
 .riscv.attributes
                0x00000000000002de       0x29 ./Peripheral/src/ch32v00x_misc.o
 .riscv.attributes
                0x0000000000000307       0x29 ./Peripheral/src/ch32v00x_rcc.o
 .riscv.attributes
                0x0000000000000330       0x29 ./Peripheral/src/ch32v00x_tim.o
 .riscv.attributes
                0x0000000000000359       0x29 ./Peripheral/src/ch32v00x_usart.o
 .riscv.attributes
                0x0000000000000382       0x29 ./Debug/debug.o
 .riscv.attributes
                0x00000000000003ab       0x27 /usr/share/MRS2/MRS-linux-x64/resources/app/resources/linux/components/WCH/Toolchain/RISC-V Embedded GCC12/bin/../lib/gcc/riscv-wch-elf/12.2.0/rv32ec_xw/ilp32e/libgcc.a(_divdi3.o)
 .riscv.attributes
                0x00000000000003d2       0x25 /usr/share/MRS2/MRS-linux-x64/resources/app/resources/linux/components/WCH/Toolchain/RISC-V Embedded GCC12/bin/../lib/gcc/riscv-wch-elf/12.2.0/rv32ec_xw/ilp32e/libgcc.a(save-restore.o)
 .riscv.attributes
                0x00000000000003f7       0x25 /usr/share/MRS2/MRS-linux-x64/resources/app/resources/linux/components/WCH/Toolchain/RISC-V Embedded GCC12/bin/../lib/gcc/riscv-wch-elf/12.2.0/rv32ec_xw/ilp32e/libgcc.a(muldi3.o)
 .riscv.attributes
                0x000000000000041c       0x27 /usr/share/MRS2/MRS-linux-x64/resources/app/resources/linux/components/WCH/Toolchain/RISC-V Embedded GCC12/bin/../lib/gcc/riscv-wch-elf/12.2.0/rv32ec_xw/ilp32e/libgcc.a(multi3.o)
 .riscv.attributes
                0x0000000000000443       0x25 /usr/share/MRS2/MRS-linux-x64/resources/app/resources/linux/components/WCH/Toolchain/RISC-V Embedded GCC12/bin/../lib/gcc/riscv-wch-elf/12.2.0/rv32ec_xw/ilp32e/libgcc.a(div.o)
 .riscv.attributes
                0x0000000000000468       0x27 /usr/share/MRS2/MRS-linux-x64/resources/app/resources/linux/components/WCH/Toolchain/RISC-V Embedded GCC12/bin/../lib/gcc/riscv-wch-elf/12.2.0/rv32ec_xw/ilp32e/libgcc.a(_clz.o)
 .riscv.attributes
                0x000000000000048f       0x25 /usr/share/MRS2/MRS-linux-x64/resources/app/resources/linux/components/WCH/Toolchain/RISC-V Embedded GCC12/bin/../lib/gcc/riscv-wch-elf/12.2.0/../../../../riscv-wch-elf/lib/rv32ec_xw/ilp32e/libg_nano.a(lib_a-memcpy-asm.o)
 .riscv.attributes
                0x00000000000004b4       0x25 /usr/share/MRS2/MRS-linux-x64/resources/app/resources/linux/components/WCH/Toolchain/RISC-V Embedded GCC12/bin/../lib/gcc/riscv-wch-elf/12.2.0/../../../../riscv-wch-elf/lib/rv32ec_xw/ilp32e/libg_nano.a(lib_a-memset.o)
 .riscv.attributes
                0x00000000000004d9       0x27 /usr/share/MRS2/MRS-linux-x64/resources/app/resources/linux/components/WCH/Toolchain/RISC-V Embedded GCC12/bin/../lib/gcc/riscv-wch-elf/12.2.0/../../../../riscv-wch-elf/lib/rv32ec_xw/ilp32e/libg_nano.a(lib_a-strlen.o)

.debug_frame    0x0000000000000000     0x17a0
 .debug_frame   0x0000000000000000       0x74 ./User/System/Sound.o
 .debug_frame   0x0000000000000074       0x68 ./User/System/SysError.o
 .debug_frame   0x00000000000000dc       0xc8 ./User/System/SysTick.o
 .debug_frame   0x00000000000001a4      0x114 ./User/System/ThrustManager.o
 .debug_frame   0x00000000000002b8       0x8c ./User/Hal/ADC.o
 .debug_frame   0x0000000000000344      0x140 ./User/Hal/Comunication.o
 .debug_frame   0x0000000000000484      0x134 ./User/Hal/Hal.o
 .debug_frame   0x00000000000005b8       0x68 ./User/Hal/PPM.o
 .debug_frame   0x0000000000000620       0x8c ./User/Hal/PWM.o
 .debug_frame   0x00000000000006ac       0x3c ./User/Appl/Appl.o
 .debug_frame   0x00000000000006e8       0x2c ./User/Appl/main.o
 .debug_frame   0x0000000000000714       0x30 ./User/ch32v00x_it.o
 .debug_frame   0x0000000000000744       0x4c ./User/system_ch32v00x.o
 .debug_frame   0x0000000000000790      0x26c ./Peripheral/src/ch32v00x_adc.o
 .debug_frame   0x00000000000009fc       0xc0 ./Peripheral/src/ch32v00x_dma.o
 .debug_frame   0x0000000000000abc       0x90 ./Peripheral/src/ch32v00x_exti.o
 .debug_frame   0x0000000000000b4c      0x154 ./Peripheral/src/ch32v00x_gpio.o
 .debug_frame   0x0000000000000ca0       0x30 ./Peripheral/src/ch32v00x_misc.o
 .debug_frame   0x0000000000000cd0      0x1d0 ./Peripheral/src/ch32v00x_rcc.o
 .debug_frame   0x0000000000000ea0      0x618 ./Peripheral/src/ch32v00x_tim.o
 .debug_frame   0x00000000000014b8      0x204 ./Peripheral/src/ch32v00x_usart.o
 .debug_frame   0x00000000000016bc       0xe4 ./Debug/debug.o

.debug_loclists
                0x0000000000000000     0x3e09
 .debug_loclists
                0x0000000000000000       0x95 ./User/System/SysError.o
 .debug_loclists
                0x0000000000000095      0x1ba ./User/System/SysTick.o
 .debug_loclists
                0x000000000000024f      0x353 ./User/System/ThrustManager.o
 .debug_loclists
                0x00000000000005a2      0x1f5 ./User/Hal/ADC.o
 .debug_loclists
                0x0000000000000797      0x32f ./User/Hal/Comunication.o
 .debug_loclists
                0x0000000000000ac6       0xe5 ./User/Hal/Hal.o
 .debug_loclists
                0x0000000000000bab       0x23 ./User/Hal/PPM.o
 .debug_loclists
                0x0000000000000bce      0x301 ./User/Hal/PWM.o
 .debug_loclists
                0x0000000000000ecf       0x5e ./User/Appl/main.o
 .debug_loclists
                0x0000000000000f2d       0x94 ./User/system_ch32v00x.o
 .debug_loclists
                0x0000000000000fc1      0x86a ./Peripheral/src/ch32v00x_adc.o
 .debug_loclists
                0x000000000000182b      0x113 ./Peripheral/src/ch32v00x_dma.o
 .debug_loclists
                0x000000000000193e      0x118 ./Peripheral/src/ch32v00x_exti.o
 .debug_loclists
                0x0000000000001a56      0x5c1 ./Peripheral/src/ch32v00x_gpio.o
 .debug_loclists
                0x0000000000002017       0x3e ./Peripheral/src/ch32v00x_misc.o
 .debug_loclists
                0x0000000000002055      0x442 ./Peripheral/src/ch32v00x_rcc.o
 .debug_loclists
                0x0000000000002497     0x11c8 ./Peripheral/src/ch32v00x_tim.o
 .debug_loclists
                0x000000000000365f      0x614 ./Peripheral/src/ch32v00x_usart.o
 .debug_loclists
                0x0000000000003c73      0x196 ./Debug/debug.o
